src/components/transactions/TransactionForm.tsx(18,5): error TS2339: Property 'type' does not exist on type '{ formData: TransactionFormData; errors: Record<string, string>; isSubmitting: boolean; updateField: (field: keyof TransactionFormData, value: any) => void; submitTransaction: () => Promise<...>; }'.
src/components/transactions/TransactionForm.tsx(18,11): error TS2339: Property 'setType' does not exist on type '{ formData: TransactionFormData; errors: Record<string, string>; isSubmitting: boolean; updateField: (field: keyof TransactionFormData, value: any) => void; submitTransaction: () => Promise<...>; }'.
src/components/transactions/TransactionForm.tsx(19,5): error TS2339: Property 'valueRaw' does not exist on type '{ formData: TransactionFormData; errors: Record<string, string>; isSubmitting: boolean; updateField: (field: keyof TransactionFormData, value: any) => void; submitTransaction: () => Promise<...>; }'.
src/components/transactions/TransactionForm.tsx(19,15): error TS2339: Property 'valueDisplay' does not exist on type '{ formData: TransactionFormData; errors: Record<string, string>; isSubmitting: boolean; updateField: (field: keyof TransactionFormData, value: any) => void; submitTransaction: () => Promise<...>; }'.
src/components/transactions/TransactionForm.tsx(19,29): error TS2339: Property 'handleCurrencyChange' does not exist on type '{ formData: TransactionFormData; errors: Record<string, string>; isSubmitting: boolean; updateField: (field: keyof TransactionFormData, value: any) => void; submitTransaction: () => Promise<...>; }'.
src/components/transactions/TransactionForm.tsx(20,5): error TS2339: Property 'category' does not exist on type '{ formData: TransactionFormData; errors: Record<string, string>; isSubmitting: boolean; updateField: (field: keyof TransactionFormData, value: any) => void; submitTransaction: () => Promise<...>; }'.
src/components/transactions/TransactionForm.tsx(20,15): error TS2339: Property 'setCategory' does not exist on type '{ formData: TransactionFormData; errors: Record<string, string>; isSubmitting: boolean; updateField: (field: keyof TransactionFormData, value: any) => void; submitTransaction: () => Promise<...>; }'.
src/components/transactions/TransactionForm.tsx(21,5): error TS2339: Property 'description' does not exist on type '{ formData: TransactionFormData; errors: Record<string, string>; isSubmitting: boolean; updateField: (field: keyof TransactionFormData, value: any) => void; submitTransaction: () => Promise<...>; }'.
src/components/transactions/TransactionForm.tsx(21,18): error TS2339: Property 'setDescription' does not exist on type '{ formData: TransactionFormData; errors: Record<string, string>; isSubmitting: boolean; updateField: (field: keyof TransactionFormData, value: any) => void; submitTransaction: () => Promise<...>; }'.
src/components/transactions/TransactionForm.tsx(22,5): error TS2339: Property 'date' does not exist on type '{ formData: TransactionFormData; errors: Record<string, string>; isSubmitting: boolean; updateField: (field: keyof TransactionFormData, value: any) => void; submitTransaction: () => Promise<...>; }'.
src/components/transactions/TransactionForm.tsx(22,11): error TS2339: Property 'setDate' does not exist on type '{ formData: TransactionFormData; errors: Record<string, string>; isSubmitting: boolean; updateField: (field: keyof TransactionFormData, value: any) => void; submitTransaction: () => Promise<...>; }'.
src/components/transactions/TransactionForm.tsx(23,5): error TS2339: Property 'tags' does not exist on type '{ formData: TransactionFormData; errors: Record<string, string>; isSubmitting: boolean; updateField: (field: keyof TransactionFormData, value: any) => void; submitTransaction: () => Promise<...>; }'.
src/components/transactions/TransactionForm.tsx(23,11): error TS2339: Property 'setTags' does not exist on type '{ formData: TransactionFormData; errors: Record<string, string>; isSubmitting: boolean; updateField: (field: keyof TransactionFormData, value: any) => void; submitTransaction: () => Promise<...>; }'.
src/components/transactions/TransactionForm.tsx(24,5): error TS2339: Property 'accountId' does not exist on type '{ formData: TransactionFormData; errors: Record<string, string>; isSubmitting: boolean; updateField: (field: keyof TransactionFormData, value: any) => void; submitTransaction: () => Promise<...>; }'.
src/components/transactions/TransactionForm.tsx(24,16): error TS2339: Property 'setAccountId' does not exist on type '{ formData: TransactionFormData; errors: Record<string, string>; isSubmitting: boolean; updateField: (field: keyof TransactionFormData, value: any) => void; submitTransaction: () => Promise<...>; }'.
src/components/transactions/TransactionForm.tsx(25,5): error TS2339: Property 'showAdvanced' does not exist on type '{ formData: TransactionFormData; errors: Record<string, string>; isSubmitting: boolean; updateField: (field: keyof TransactionFormData, value: any) => void; submitTransaction: () => Promise<...>; }'.
src/components/transactions/TransactionForm.tsx(25,19): error TS2339: Property 'setShowAdvanced' does not exist on type '{ formData: TransactionFormData; errors: Record<string, string>; isSubmitting: boolean; updateField: (field: keyof TransactionFormData, value: any) => void; submitTransaction: () => Promise<...>; }'.
src/components/transactions/TransactionForm.tsx(26,5): error TS2339: Property 'repeatMode' does not exist on type '{ formData: TransactionFormData; errors: Record<string, string>; isSubmitting: boolean; updateField: (field: keyof TransactionFormData, value: any) => void; submitTransaction: () => Promise<...>; }'.
src/components/transactions/TransactionForm.tsx(26,17): error TS2339: Property 'setRepeatMode' does not exist on type '{ formData: TransactionFormData; errors: Record<string, string>; isSubmitting: boolean; updateField: (field: keyof TransactionFormData, value: any) => void; submitTransaction: () => Promise<...>; }'.
src/components/transactions/TransactionForm.tsx(27,5): error TS2339: Property 'frequency' does not exist on type '{ formData: TransactionFormData; errors: Record<string, string>; isSubmitting: boolean; updateField: (field: keyof TransactionFormData, value: any) => void; submitTransaction: () => Promise<...>; }'.
src/components/transactions/TransactionForm.tsx(27,16): error TS2339: Property 'setFrequency' does not exist on type '{ formData: TransactionFormData; errors: Record<string, string>; isSubmitting: boolean; updateField: (field: keyof TransactionFormData, value: any) => void; submitTransaction: () => Promise<...>; }'.
src/components/transactions/TransactionForm.tsx(28,5): error TS2339: Property 'installments' does not exist on type '{ formData: TransactionFormData; errors: Record<string, string>; isSubmitting: boolean; updateField: (field: keyof TransactionFormData, value: any) => void; submitTransaction: () => Promise<...>; }'.
src/components/transactions/TransactionForm.tsx(28,19): error TS2339: Property 'setInstallments' does not exist on type '{ formData: TransactionFormData; errors: Record<string, string>; isSubmitting: boolean; updateField: (field: keyof TransactionFormData, value: any) => void; submitTransaction: () => Promise<...>; }'.
src/components/transactions/TransactionForm.tsx(29,5): error TS2339: Property 'accounts' does not exist on type '{ formData: TransactionFormData; errors: Record<string, string>; isSubmitting: boolean; updateField: (field: keyof TransactionFormData, value: any) => void; submitTransaction: () => Promise<...>; }'.
src/components/transactions/TransactionForm.tsx(30,5): error TS2339: Property 'currentCategories' does not exist on type '{ formData: TransactionFormData; errors: Record<string, string>; isSubmitting: boolean; updateField: (field: keyof TransactionFormData, value: any) => void; submitTransaction: () => Promise<...>; }'.
src/components/transactions/TransactionForm.tsx(31,5): error TS2339: Property 'handleSubmit' does not exist on type '{ formData: TransactionFormData; errors: Record<string, string>; isSubmitting: boolean; updateField: (field: keyof TransactionFormData, value: any) => void; submitTransaction: () => Promise<...>; }'.
src/components/transactions/TransactionForm.tsx(108,27): error TS7006: Parameter 'acc' implicitly has an 'any' type.
src/components/transactions/TransactionForm.tsx(131,35): error TS7006: Parameter 'cat' implicitly has an 'any' type.
