
[1m[46m RUN [49m[22m [36mv4.0.17 [39m[90mC:/Users/hercules/Documents/projetos/vibe-code/zenbolso[39m

 [32m✓[39m src/components/dashboard/__tests__/ZenInsightsCard.test.tsx[2m > [22mZenInsightsCard[2m > [22mrenders the correct "Hourly Rate" calculation based on props/mock[32m 51[2mms[22m[39m
 [31m×[39m src/components/dashboard/__tests__/ZenInsightsCard.test.tsx[2m > [22mZenInsightsCard[2m > [22mrenders the "Time Cost" correctly for different inputs[32m 11[2mms[22m[39m
[31m   → Found multiple elements with the text: /5\.0/

Here are the matching elements:

Ignored nodes: comments, script, style
[36m<div[31m
  [33mclass[31m=[32m"text-4xl font-black tracking-tight"[31m
[36m>[31m
  [0m5.0[0m
  [0m [0m
  [36m<span[31m
    [33mclass[31m=[32m"text-xl font-normal text-indigo-300"[31m
  [36m>[31m
    [0mhoras[0m
  [36m</span>[31m
[36m</div>[31m

Ignored nodes: comments, script, style
[36m<p[31m
  [33mclass[31m=[32m"text-xs font-medium text-slate-400"[31m
[36m>[31m
  [0mIsso equivale a 5.0% do seu mês trabalhado.[0m
[36m</p>[31m

(If this is intentional, then use the `*AllBy*` variant of the query (like `queryAllByText`, `getAllByText`, or `findAllByText`)).

Ignored nodes: comments, script, style
[36m<body>[31m
  [36m<div>[31m
    [36m<div[31m
      [33mclass[31m=[32m"relative overflow-hidden p-8 rounded-[40px] bg-gradient-to-br from-slate-900 to-indigo-950 text-white shadow-2xl border border-white/5"[31m
    [36m>[31m
      [36m<div[31m
        [33mclass[31m=[32m"absolute top-0 right-0 w-32 h-32 bg-indigo-500/20 blur-[60px] rounded-full -mr-10 -mt-10"[31m
      [36m/>[31m
      [36m<div[31m
        [33mclass[31m=[32m"relative z-10 flex flex-col h-full justify-between gap-6"[31m
      [36m>[31m
        [36m<div[31m
          [33mclass[31m=[32m"flex items-center justify-between"[31m
        [36m>[31m
          [36m<div[31m
            [33mclass[31m=[32m"flex items-center gap-3"[31m
          [36m>[31m
            [36m<div[31m
              [33mclass[31m=[32m"p-2 bg-white/10 rounded-xl"[31m
            [36m>[31m
              [36m<svg[31m
                [33mclass[31m=[32m"lucide lucide-clock text-indigo-300"[31m
                [33mfill[31m=[32m"none"[31m
                [33mheight[31m=[32m"20"[31m
                [33mstroke[31m=[32m"currentColor"[31m
                [33mstroke-linecap[31m=[32m"round"[31m
                [33mstroke-linejoin[31m=[32m"round"[31m
                [33mstroke-width[31m=[32m"2"[31m
                [33mviewBox[31m=[32m"0 0 24 24"[31m
                [33mwidth[31m=[32m"20"[31m
                [33mxmlns[31m=[32m"http://www.w3.org/2000/svg"[31m
              [36m>[31m
                [36m<circle[31m
                  [33mcx[31m=[32m"12"[31m
                  [33mcy[31m=[32m"12"[31m
                  [33mr[31m=[32m"10"[31m
                [36m/>[31m
                [36m<polyline[31m
                  [33mpoints[31m=[32m"12 6 12 12 16 14"[31m
                [36m/>[31m
              [36m</svg>[31m
            [36m</div>[31m
            [36m<h3[31m
              [33mclass[31m=[32m"font-black text-xs uppercase tracking-widest text-indigo-300"[31m
            [36m>[31m
              [0mCusto de Vida em Tempo[0m
            [36m</h3>[31m
          [36m</div>[31m
        [36m</div>[31m
        [36m<div[31m
          [33mclass[31m=[32m"space-y-1"[31m
        [36m>[31m
          [36m<div[31m
            [33mclass[31m=[32m"text-4xl font-black tracking-tight"[31m
          [36m>[31m
            [0m5.0[0m
            [0m [0m
            [36m<span[31m
              [33mclass[31m=[32m"text-xl font-normal text-indigo-300"[31m
            [36m>[31m
              [0mhoras[0m
            [36m</span>[31m
          [36m</div>[31m
          [36m<p[31m
            [33mclass[31m=[32m"text-xs font-medium text-slate-400"[31m
          [36m>[31m
            [0mIsso equivale a 5.0% do seu mês trabalhado.[0m
          [36m</p>[31m
        [36m</div>[31m
        [36m<div[31m
          [33mclass[31m=[32m"space-y-3"[31m
        [36m>[31m
          [36m<div[31m
            [33mclass[31m=[32m"flex items-center justify-between text-[10px] uppercase font-black tracking-tighter text-slate-500"[31m
          [36m>[31m
            [36m<span>[31m
              [0mGastos[0m
            [36m</span>[31m
            [36m<span>[31m
              [0mRenda (R$ [0m
              [0m2.000[0m
              [0m)[0m
            [36m</span>[31m
          [36m</div>[31m
          [36m<div[31m
            [33mclass[31m=[32m"h-3 bg-white/5 rounded-full overflow-hidden border border-white/5"[31m
          [36m>[31m
            [36m<div[31m
              [33mclass[31m=[32m"h-full transition-all duration-1000 bg-gradient-to-r from-indigo-500 to-purple-500"[31m
              [33mstyle[31m=[32m"width: 5%;"[31m
            [36m/>[31m
          [36m</div>[31m
        [36m</div>[31m
      [36m</div>[31m
    [36m</div>[31m
  [36m</div>[31m
[36m</body>[31m[39m
 [32m✓[39m src/components/dashboard/__tests__/ZenInsightsCard.test.tsx[2m > [22mZenInsightsCard[2m > [22mshows the CTA button if profile data is missing (null state)[32m 5[2mms[22m[39m

[31m⎯⎯⎯⎯⎯⎯⎯[39m[1m[41m Failed Tests 1 [49m[22m[31m⎯⎯⎯⎯⎯⎯⎯[39m

[41m[1m FAIL [22m[49m src/components/dashboard/__tests__/ZenInsightsCard.test.tsx[2m > [22mZenInsightsCard[2m > [22mrenders the "Time Cost" correctly for different inputs
[31m[1mTestingLibraryElementError[22m: Found multiple elements with the text: /5\.0/

Here are the matching elements:

Ignored nodes: comments, script, style
[36m<div[31m
  [33mclass[31m=[32m"text-4xl font-black tracking-tight"[31m
[36m>[31m
  [0m5.0[0m
  [0m [0m
  [36m<span[31m
    [33mclass[31m=[32m"text-xl font-normal text-indigo-300"[31m
  [36m>[31m
    [0mhoras[0m
  [36m</span>[31m
[36m</div>[31m

Ignored nodes: comments, script, style
[36m<p[31m
  [33mclass[31m=[32m"text-xs font-medium text-slate-400"[31m
[36m>[31m
  [0mIsso equivale a 5.0% do seu mês trabalhado.[0m
[36m</p>[31m

(If this is intentional, then use the `*AllBy*` variant of the query (like `queryAllByText`, `getAllByText`, or `findAllByText`)).

Ignored nodes: comments, script, style
[36m<body>[31m
  [36m<div>[31m
    [36m<div[31m
      [33mclass[31m=[32m"relative overflow-hidden p-8 rounded-[40px] bg-gradient-to-br from-slate-900 to-indigo-950 text-white shadow-2xl border border-white/5"[31m
    [36m>[31m
      [36m<div[31m
        [33mclass[31m=[32m"absolute top-0 right-0 w-32 h-32 bg-indigo-500/20 blur-[60px] rounded-full -mr-10 -mt-10"[31m
      [36m/>[31m
      [36m<div[31m
        [33mclass[31m=[32m"relative z-10 flex flex-col h-full justify-between gap-6"[31m
      [36m>[31m
        [36m<div[31m
          [33mclass[31m=[32m"flex items-center justify-between"[31m
        [36m>[31m
          [36m<div[31m
            [33mclass[31m=[32m"flex items-center gap-3"[31m
          [36m>[31m
            [36m<div[31m
              [33mclass[31m=[32m"p-2 bg-white/10 rounded-xl"[31m
            [36m>[31m
              [36m<svg[31m
                [33mclass[31m=[32m"lucide lucide-clock text-indigo-300"[31m
                [33mfill[31m=[32m"none"[31m
                [33mheight[31m=[32m"20"[31m
                [33mstroke[31m=[32m"currentColor"[31m
                [33mstroke-linecap[31m=[32m"round"[31m
                [33mstroke-linejoin[31m=[32m"round"[31m
                [33mstroke-width[31m=[32m"2"[31m
                [33mviewBox[31m=[32m"0 0 24 24"[31m
                [33mwidth[31m=[32m"20"[31m
                [33mxmlns[31m=[32m"http://www.w3.org/2000/svg"[31m
              [36m>[31m
                [36m<circle[31m
                  [33mcx[31m=[32m"12"[31m
                  [33mcy[31m=[32m"12"[31m
                  [33mr[31m=[32m"10"[31m
                [36m/>[31m
                [36m<polyline[31m
                  [33mpoints[31m=[32m"12 6 12 12 16 14"[31m
                [36m/>[31m
              [36m</svg>[31m
            [36m</div>[31m
            [36m<h3[31m
              [33mclass[31m=[32m"font-black text-xs uppercase tracking-widest text-indigo-300"[31m
            [36m>[31m
              [0mCusto de Vida em Tempo[0m
            [36m</h3>[31m
          [36m</div>[31m
        [36m</div>[31m
        [36m<div[31m
          [33mclass[31m=[32m"space-y-1"[31m
        [36m>[31m
          [36m<div[31m
            [33mclass[31m=[32m"text-4xl font-black tracking-tight"[31m
          [36m>[31m
            [0m5.0[0m
            [0m [0m
            [36m<span[31m
              [33mclass[31m=[32m"text-xl font-normal text-indigo-300"[31m
            [36m>[31m
              [0mhoras[0m
            [36m</span>[31m
          [36m</div>[31m
          [36m<p[31m
            [33mclass[31m=[32m"text-xs font-medium text-slate-400"[31m
          [36m>[31m
            [0mIsso equivale a 5.0% do seu mês trabalhado.[0m
          [36m</p>[31m
        [36m</div>[31m
        [36m<div[31m
          [33mclass[31m=[32m"space-y-3"[31m
        [36m>[31m
          [36m<div[31m
            [33mclass[31m=[32m"flex items-center justify-between text-[10px] uppercase font-black tracking-tighter text-slate-500"[31m
          [36m>[31m
            [36m<span>[31m
              [0mGastos[0m
            [36m</span>[31m
            [36m<span>[31m
              [0mRenda (R$ [0m
              [0m2.000[0m
              [0m)[0m
            [36m</span>[31m
          [36m</div>[31m
          [36m<div[31m
            [33mclass[31m=[32m"h-3 bg-white/5 rounded-full overflow-hidden border border-white/5"[31m
          [36m>[31m
            [36m<div[31m
              [33mclass[31m=[32m"h-full transition-all duration-1000 bg-gradient-to-r from-indigo-500 to-purple-500"[31m
              [33mstyle[31m=[32m"width: 5%;"[31m
            [36m/>[31m
          [36m</div>[31m
        [36m</div>[31m
      [36m</div>[31m
    [36m</div>[31m
  [36m</div>[31m
[36m</body>[31m[39m
[90m [2m❯[22m Object.getElementError node_modules/@testing-library/dom/dist/config.js:[2m37:19[22m[39m
[90m [2m❯[22m getElementError node_modules/@testing-library/dom/dist/query-helpers.js:[2m20:35[22m[39m
[90m [2m❯[22m getMultipleElementsFoundError node_modules/@testing-library/dom/dist/query-helpers.js:[2m23:10[22m[39m
[90m [2m❯[22m node_modules/@testing-library/dom/dist/query-helpers.js:[2m55:13[22m[39m
[90m [2m❯[22m node_modules/@testing-library/dom/dist/query-helpers.js:[2m95:19[22m[39m
[36m [2m❯[22m src/components/dashboard/__tests__/ZenInsightsCard.test.tsx:[2m81:23[22m[39m
    [90m 79| [39m        )[33m;[39m
    [90m 80| [39m
    [90m 81| [39m        [34mexpect[39m(screen[33m.[39m[34mgetByText[39m([36m/5\.0/[39m))[33m.[39m[34mtoBeInTheDocument[39m()[33m;[39m
    [90m   | [39m                      [31m^[39m
    [90m 82| [39m    })[33m;[39m
    [90m 83| [39m

[31m[2m⎯⎯⎯⎯⎯⎯⎯⎯⎯⎯⎯⎯⎯⎯⎯⎯⎯⎯⎯⎯⎯⎯⎯⎯[1/1]⎯[22m[39m


[2m Test Files [22m [1m[31m1 failed[39m[22m[90m (1)[39m
[2m      Tests [22m [1m[31m1 failed[39m[22m[2m | [22m[1m[32m2 passed[39m[22m[90m (3)[39m
[2m   Start at [22m 23:13:17
[2m   Duration [22m 1.70s[2m (transform 82ms, setup 147ms, import 303ms, tests 69ms, environment 982ms)[22m

